// Jest Snapshot v1, https://goo.gl/fbAQLP

exports[`The TestApp stack matches the snapshot 1`] = `Object {}`;
